// Jest Snapshot v1, https://goo.gl/fbAQLP

exports[`IconButton Component will render a button with a font-awesome icon 1`] = `
<View
  accessible={true}
  focusable={true}
  isTVSelectable={true}
  onClick={[Function]}
  onResponderGrant={[Function]}
  onResponderMove={[Function]}
  onResponderRelease={[Function]}
  onResponderTerminate={[Function]}
  onResponderTerminationRequest={[Function]}
  onStartShouldSetResponder={[Function]}
  style={
    Object {
      "opacity": 1,
    }
  }
>
  <
    color="#036bfc"
    icon={
      Object {
        "icon": Array [
          640,
          512,
          Array [],
          "f0f4",
          "M192 384h192c53 0 96-43 96-96h32c70.6 0 128-57.4 128-128S582.6 32 512 32H120c-13.3 0-24 10.7-24 24v232c0 53 43 96 96 96zM512 96c35.3 0 64 28.7 64 64s-28.7 64-64 64h-32V96h32zm47.7 384H48.3c-47.6 0-61-64-36-64h583.3c25 0 11.8 64-35.9 64z",
        ],
        "iconName": "coffee",
        "prefix": "fas",
      }
    }
    size={70}
  />
</View>
`;
