// Jest Snapshot v1, https://goo.gl/fbAQLP

exports[`StatsEntry Component will display details for a set of statistics 1`] = `
<View
  style={
    Array [
      Object {
        "borderRadius": 10,
        "marginBottom": 10,
        "width": "100%",
      },
      Object {
        "backgroundColor": "#8066C2",
      },
    ]
  }
>
  <Text
    style={
      Array [
        Object {
          "fontFamily": "Abel",
          "fontSize": 20,
        },
        Object {
          "color": "#ffffff",
          "marginLeft": 10,
          "padding": 5,
        },
      ]
    }
  >
    Test Tag
  </Text>
  <View
    style={
      Object {
        "backgroundColor": "#ffffff",
        "borderRadius": 10,
        "flexDirection": "row",
        "justifyContent": "space-between",
        "marginBottom": 10,
        "marginHorizontal": 10,
        "padding": 5,
      }
    }
  >
    <Text
      style={
        Object {
          "fontFamily": "Abel",
          "fontSize": 20,
        }
      }
    >
      $
      20.00
    </Text>
    <Text
      style={
        Object {
          "fontFamily": "Abel",
          "fontSize": 20,
        }
      }
    >
      20
      %
    </Text>
  </View>
</View>
`;
