// Jest Snapshot v1, https://goo.gl/fbAQLP

exports[`Purchase Stats Screen Component display a message if there are no stats 1`] = `
<RCTScrollView
  style={
    Object {
      "backgroundColor": "#ffffff",
      "height": "100%",
    }
  }
>
  <View>
    <View
      style={
        Object {
          "marginHorizontal": "10%",
          "marginVertical": 10,
        }
      }
    >
      <View
        style={
          Object {
            "alignContent": "space-between",
            "flexDirection": "row",
            "marginTop": 10,
          }
        }
      >
        <View
          style={
            Object {
              "width": 25,
            }
          }
        />
        <Text
          style={
            Object {
              "color": "#000000",
              "flexGrow": 100,
              "fontFamily": "Abel",
              "fontSize": 22,
              "justifyContent": "center",
              "textAlign": "center",
            }
          }
        >
          04/01/21
           - 
          10/01/21
        </Text>
        <View
          style={
            Object {
              "width": 25,
            }
          }
        />
      </View>
      <Text
        style={
          Object {
            "color": "#959595",
            "fontFamily": "Abel",
            "fontSize": 20,
            "marginTop": 30,
            "textAlign": "center",
            "width": "100%",
          }
        }
      >
        No Stats For This Time Period
      </Text>
    </View>
  </View>
</RCTScrollView>
`;

exports[`Purchase Stats Screen Component will display purchase stats based on the state 1`] = `
<RCTScrollView
  style={
    Object {
      "backgroundColor": "#ffffff",
      "height": "100%",
    }
  }
>
  <View>
    <View
      style={
        Object {
          "marginHorizontal": "10%",
          "marginVertical": 10,
        }
      }
    >
      <View
        style={
          Object {
            "alignContent": "space-between",
            "flexDirection": "row",
            "marginTop": 10,
          }
        }
      >
        <View
          style={
            Object {
              "width": 25,
            }
          }
        />
        <Text
          style={
            Object {
              "color": "#000000",
              "flexGrow": 100,
              "fontFamily": "Abel",
              "fontSize": 22,
              "justifyContent": "center",
              "textAlign": "center",
            }
          }
        >
          04/01/21
           - 
          10/01/21
        </Text>
        <View
          style={
            Object {
              "width": 25,
            }
          }
        />
      </View>
      <Text
        style={
          Object {
            "color": "#959595",
            "fontFamily": "Abel",
            "fontSize": 20,
            "marginTop": 30,
            "textAlign": "center",
            "width": "100%",
          }
        }
      >
        No Stats For This Time Period
      </Text>
    </View>
  </View>
</RCTScrollView>
`;
